INFO: Created TensorFlow Lite XNNPACK delegate for CPU.
Summary saved to benchmark/007/apple_m1/multiclass/summary/summary_models_mc.csv
         model  accuracy  ...  preproc_size_mb  total_size_mb
0        rf_mc  0.988699  ...            0.008        274.108
1      lgbm_mc  0.989457  ...            0.008         31.172
2       xgb_mc  0.989315  ...            0.008         13.643
3    logreg_mc  0.825843  ...            0.009          0.022
4       mlp_mc  0.952072  ...            0.008          0.340
5  mlp_mc_int8  0.667820  ...            0.008          0.037

[6 rows x 11 columns]
Per-class report merged saved to benchmark/007/apple_m1/multiclass/summary/per_class_report_merged.csv
[benchmark_inference] dropped potential leakage columns: ['type', 'label']
Run 1 saved to benchmark/007/apple_m1/multiclass/inference_benchmark_mc_1.csv
Run 2 saved to benchmark/007/apple_m1/multiclass/inference_benchmark_mc_2.csv
Run 3 saved to benchmark/007/apple_m1/multiclass/inference_benchmark_mc_3.csv
Run 4 saved to benchmark/007/apple_m1/multiclass/inference_benchmark_mc_4.csv
Run 5 saved to benchmark/007/apple_m1/multiclass/inference_benchmark_mc_5.csv
All benchmark data saved to benchmark/007/apple_m1/multiclass/inference_benchmark_mc.csv
          model  transform_ms_per_1k  ... run_id device_id
0         rf_mc              2.97195  ...      1  apple_m1
1         rf_mc             2.508904  ...      2  apple_m1
2         rf_mc             2.478175  ...      3  apple_m1
3         rf_mc             2.482542  ...      4  apple_m1
4         rf_mc             2.482463  ...      5  apple_m1
5         rf_mc  2.584807 ± 0.193878  ...    avg  apple_m1
6       lgbm_mc             2.477379  ...      1  apple_m1
7       lgbm_mc             2.377638  ...      2  apple_m1
8       lgbm_mc             2.375933  ...      3  apple_m1
9       lgbm_mc             2.386638  ...      4  apple_m1
10      lgbm_mc             2.397042  ...      5  apple_m1
11      lgbm_mc  2.402926 ± 0.037977  ...    avg  apple_m1
12       xgb_mc             2.425037  ...      1  apple_m1
13       xgb_mc               2.4123  ...      2  apple_m1
14       xgb_mc             2.388325  ...      3  apple_m1
15       xgb_mc             2.389133  ...      4  apple_m1
16       xgb_mc             2.372658  ...      5  apple_m1
17       xgb_mc  2.397491 ± 0.018701  ...    avg  apple_m1
18    logreg_mc             2.573608  ...      1  apple_m1
19    logreg_mc             2.545896  ...      2  apple_m1
20    logreg_mc             2.533296  ...      3  apple_m1
21    logreg_mc             2.549192  ...      4  apple_m1
22    logreg_mc             2.530279  ...      5  apple_m1
23    logreg_mc  2.546454 ± 0.015362  ...    avg  apple_m1
24       mlp_mc             2.680879  ...      1  apple_m1
25       mlp_mc             2.600271  ...      2  apple_m1
26       mlp_mc             2.562704  ...      3  apple_m1
27       mlp_mc             2.594117  ...      4  apple_m1
28       mlp_mc             2.554288  ...      5  apple_m1
29       mlp_mc  2.598452 ± 0.044821  ...    avg  apple_m1
30  mlp_mc_int8             2.749488  ...      1  apple_m1
31  mlp_mc_int8             2.681208  ...      2  apple_m1
32  mlp_mc_int8             2.653125  ...      3  apple_m1
33  mlp_mc_int8             2.643138  ...      4  apple_m1
34  mlp_mc_int8             2.638596  ...      5  apple_m1
35  mlp_mc_int8  2.673111 ± 0.040959  ...    avg  apple_m1

[36 rows x 7 columns]
