[mlp_int8] training (168834 samples, 120 features)...
Epoch 1/50
528/528 - 1s - 1ms/step - accuracy: 0.9618 - auc: 0.9897 - loss: 0.1294 - val_accuracy: 0.9747 - val_auc: 0.9963 - val_loss: 0.0808
Epoch 2/50
528/528 - 0s - 713us/step - accuracy: 0.9759 - auc: 0.9956 - loss: 0.0784 - val_accuracy: 0.9778 - val_auc: 0.9974 - val_loss: 0.0677
Epoch 3/50
528/528 - 0s - 712us/step - accuracy: 0.9785 - auc: 0.9965 - loss: 0.0683 - val_accuracy: 0.9794 - val_auc: 0.9977 - val_loss: 0.0606
Epoch 4/50
528/528 - 0s - 711us/step - accuracy: 0.9819 - auc: 0.9970 - loss: 0.0606 - val_accuracy: 0.9937 - val_auc: 0.9978 - val_loss: 0.0551
Epoch 5/50
528/528 - 0s - 710us/step - accuracy: 0.9871 - auc: 0.9974 - loss: 0.0533 - val_accuracy: 0.9941 - val_auc: 0.9981 - val_loss: 0.0464
Epoch 6/50
528/528 - 0s - 706us/step - accuracy: 0.9925 - auc: 0.9979 - loss: 0.0426 - val_accuracy: 0.9940 - val_auc: 0.9982 - val_loss: 0.0417
Epoch 7/50
528/528 - 0s - 709us/step - accuracy: 0.9937 - auc: 0.9981 - loss: 0.0372 - val_accuracy: 0.9943 - val_auc: 0.9982 - val_loss: 0.0383
Epoch 8/50
528/528 - 0s - 709us/step - accuracy: 0.9940 - auc: 0.9983 - loss: 0.0356 - val_accuracy: 0.9942 - val_auc: 0.9984 - val_loss: 0.0380
Epoch 9/50
528/528 - 0s - 706us/step - accuracy: 0.9940 - auc: 0.9984 - loss: 0.0332 - val_accuracy: 0.9945 - val_auc: 0.9985 - val_loss: 0.0359
Epoch 10/50
528/528 - 0s - 711us/step - accuracy: 0.9940 - auc: 0.9985 - loss: 0.0321 - val_accuracy: 0.9945 - val_auc: 0.9985 - val_loss: 0.0352
Epoch 11/50
528/528 - 0s - 710us/step - accuracy: 0.9941 - auc: 0.9985 - loss: 0.0311 - val_accuracy: 0.9945 - val_auc: 0.9985 - val_loss: 0.0336
Epoch 12/50
528/528 - 0s - 705us/step - accuracy: 0.9939 - auc: 0.9985 - loss: 0.0310 - val_accuracy: 0.9943 - val_auc: 0.9985 - val_loss: 0.0337
Epoch 13/50
528/528 - 0s - 709us/step - accuracy: 0.9941 - auc: 0.9985 - loss: 0.0305 - val_accuracy: 0.9946 - val_auc: 0.9985 - val_loss: 0.0315
Epoch 14/50
528/528 - 0s - 710us/step - accuracy: 0.9940 - auc: 0.9986 - loss: 0.0303 - val_accuracy: 0.9945 - val_auc: 0.9986 - val_loss: 0.0310
Epoch 15/50
528/528 - 0s - 709us/step - accuracy: 0.9941 - auc: 0.9986 - loss: 0.0294 - val_accuracy: 0.9942 - val_auc: 0.9985 - val_loss: 0.0293
Epoch 16/50
528/528 - 0s - 707us/step - accuracy: 0.9941 - auc: 0.9987 - loss: 0.0291 - val_accuracy: 0.9942 - val_auc: 0.9985 - val_loss: 0.0299
Epoch 17/50
528/528 - 0s - 706us/step - accuracy: 0.9942 - auc: 0.9986 - loss: 0.0285 - val_accuracy: 0.9944 - val_auc: 0.9986 - val_loss: 0.0290
Epoch 18/50
528/528 - 0s - 713us/step - accuracy: 0.9943 - auc: 0.9987 - loss: 0.0276 - val_accuracy: 0.9942 - val_auc: 0.9985 - val_loss: 0.0285
Epoch 19/50
528/528 - 0s - 710us/step - accuracy: 0.9943 - auc: 0.9987 - loss: 0.0277 - val_accuracy: 0.9945 - val_auc: 0.9985 - val_loss: 0.0288
Epoch 20/50
528/528 - 0s - 707us/step - accuracy: 0.9942 - auc: 0.9987 - loss: 0.0281 - val_accuracy: 0.9945 - val_auc: 0.9984 - val_loss: 0.0283
Epoch 21/50
528/528 - 0s - 712us/step - accuracy: 0.9942 - auc: 0.9987 - loss: 0.0274 - val_accuracy: 0.9942 - val_auc: 0.9985 - val_loss: 0.0291
Epoch 22/50
528/528 - 0s - 707us/step - accuracy: 0.9942 - auc: 0.9987 - loss: 0.0278 - val_accuracy: 0.9944 - val_auc: 0.9985 - val_loss: 0.0287
[mlp_int8] done in 8.74s
[mlp] metrics (float): {
  "accuracy": 0.9944324670094056,
  "precision_pos": 0.9955979911959824,
  "recall_pos": 0.9971126082771896,
  "f1_pos": 0.9963547241224192,
  "precision_neg": 0.9906542056074766,
  "recall_neg": 0.9858,
  "f1_neg": 0.9882211417974036,
  "confusion_matrix": [
    [
      9858,
      142
    ],
    [
      93,
      32116
    ]
  ],
  "roc_auc": 0.999272709491136,
  "pr_auc": 0.9997688636131212
}
