[mlp_int8_mc] training (168834 samples, 121 features, classes=10)...
Epoch 1/50
528/528 - 1s - 1ms/step - accuracy: 0.7662 - loss: 0.6986 - val_accuracy: 0.8089 - val_loss: 0.4860
Epoch 2/50
528/528 - 0s - 734us/step - accuracy: 0.8149 - loss: 0.4933 - val_accuracy: 0.8228 - val_loss: 0.4348
Epoch 3/50
528/528 - 0s - 793us/step - accuracy: 0.8340 - loss: 0.4429 - val_accuracy: 0.8437 - val_loss: 0.4040
Epoch 4/50
528/528 - 0s - 855us/step - accuracy: 0.8478 - loss: 0.4163 - val_accuracy: 0.8585 - val_loss: 0.3806
Epoch 5/50
528/528 - 0s - 881us/step - accuracy: 0.8555 - loss: 0.3985 - val_accuracy: 0.8597 - val_loss: 0.3696
Epoch 6/50
528/528 - 0s - 919us/step - accuracy: 0.8622 - loss: 0.3859 - val_accuracy: 0.8622 - val_loss: 0.3611
Epoch 7/50
528/528 - 0s - 904us/step - accuracy: 0.8680 - loss: 0.3737 - val_accuracy: 0.8648 - val_loss: 0.3775
Epoch 8/50
528/528 - 0s - 890us/step - accuracy: 0.8722 - loss: 0.3650 - val_accuracy: 0.8892 - val_loss: 0.3381
Epoch 9/50
528/528 - 0s - 885us/step - accuracy: 0.8785 - loss: 0.3538 - val_accuracy: 0.8761 - val_loss: 0.3320
Epoch 10/50
528/528 - 0s - 871us/step - accuracy: 0.8839 - loss: 0.3415 - val_accuracy: 0.8917 - val_loss: 0.3208
Epoch 11/50
528/528 - 0s - 850us/step - accuracy: 0.8907 - loss: 0.3324 - val_accuracy: 0.8997 - val_loss: 0.3084
Epoch 12/50
528/528 - 0s - 850us/step - accuracy: 0.8993 - loss: 0.3217 - val_accuracy: 0.9140 - val_loss: 0.2926
Epoch 13/50
528/528 - 0s - 852us/step - accuracy: 0.9033 - loss: 0.3138 - val_accuracy: 0.9083 - val_loss: 0.2950
Epoch 14/50
528/528 - 0s - 851us/step - accuracy: 0.9059 - loss: 0.3081 - val_accuracy: 0.9174 - val_loss: 0.2779
Epoch 15/50
528/528 - 0s - 867us/step - accuracy: 0.9085 - loss: 0.3011 - val_accuracy: 0.9185 - val_loss: 0.2742
Epoch 16/50
528/528 - 0s - 854us/step - accuracy: 0.9111 - loss: 0.2975 - val_accuracy: 0.9055 - val_loss: 0.2831
Epoch 17/50
528/528 - 0s - 867us/step - accuracy: 0.9129 - loss: 0.2940 - val_accuracy: 0.9259 - val_loss: 0.2649
Epoch 18/50
528/528 - 0s - 863us/step - accuracy: 0.9149 - loss: 0.2905 - val_accuracy: 0.9249 - val_loss: 0.2613
Epoch 19/50
528/528 - 0s - 861us/step - accuracy: 0.9178 - loss: 0.2842 - val_accuracy: 0.9242 - val_loss: 0.2579
Epoch 20/50
528/528 - 0s - 855us/step - accuracy: 0.9196 - loss: 0.2813 - val_accuracy: 0.9288 - val_loss: 0.2528
Epoch 21/50
528/528 - 0s - 857us/step - accuracy: 0.9208 - loss: 0.2797 - val_accuracy: 0.9271 - val_loss: 0.2518
Epoch 22/50
528/528 - 0s - 854us/step - accuracy: 0.9215 - loss: 0.2754 - val_accuracy: 0.9272 - val_loss: 0.2482
Epoch 23/50
528/528 - 0s - 864us/step - accuracy: 0.9238 - loss: 0.2714 - val_accuracy: 0.9320 - val_loss: 0.2426
Epoch 24/50
528/528 - 0s - 854us/step - accuracy: 0.9250 - loss: 0.2691 - val_accuracy: 0.9310 - val_loss: 0.2423
Epoch 25/50
528/528 - 0s - 854us/step - accuracy: 0.9265 - loss: 0.2656 - val_accuracy: 0.9364 - val_loss: 0.2355
Epoch 26/50
528/528 - 0s - 856us/step - accuracy: 0.9273 - loss: 0.2637 - val_accuracy: 0.9311 - val_loss: 0.2421
Epoch 27/50
528/528 - 0s - 851us/step - accuracy: 0.9275 - loss: 0.2626 - val_accuracy: 0.9358 - val_loss: 0.2354
Epoch 28/50
528/528 - 0s - 855us/step - accuracy: 0.9291 - loss: 0.2595 - val_accuracy: 0.9392 - val_loss: 0.2305
Epoch 29/50
528/528 - 0s - 850us/step - accuracy: 0.9297 - loss: 0.2579 - val_accuracy: 0.9326 - val_loss: 0.2389
Epoch 30/50
528/528 - 0s - 854us/step - accuracy: 0.9305 - loss: 0.2561 - val_accuracy: 0.9381 - val_loss: 0.2290
Epoch 31/50
528/528 - 0s - 853us/step - accuracy: 0.9318 - loss: 0.2534 - val_accuracy: 0.9405 - val_loss: 0.2245
Epoch 32/50
528/528 - 0s - 853us/step - accuracy: 0.9322 - loss: 0.2526 - val_accuracy: 0.9331 - val_loss: 0.2349
Epoch 33/50
528/528 - 0s - 852us/step - accuracy: 0.9332 - loss: 0.2494 - val_accuracy: 0.9415 - val_loss: 0.2202
Epoch 34/50
528/528 - 0s - 851us/step - accuracy: 0.9341 - loss: 0.2481 - val_accuracy: 0.9338 - val_loss: 0.2292
Epoch 35/50
528/528 - 0s - 854us/step - accuracy: 0.9325 - loss: 0.2501 - val_accuracy: 0.9435 - val_loss: 0.2198
Epoch 36/50
528/528 - 0s - 849us/step - accuracy: 0.9336 - loss: 0.2466 - val_accuracy: 0.9425 - val_loss: 0.2180
Epoch 37/50
528/528 - 0s - 852us/step - accuracy: 0.9346 - loss: 0.2443 - val_accuracy: 0.9456 - val_loss: 0.2151
Epoch 38/50
528/528 - 0s - 847us/step - accuracy: 0.9338 - loss: 0.2451 - val_accuracy: 0.9396 - val_loss: 0.2201
Epoch 39/50
528/528 - 0s - 859us/step - accuracy: 0.9347 - loss: 0.2430 - val_accuracy: 0.9418 - val_loss: 0.2164
Epoch 40/50
528/528 - 0s - 856us/step - accuracy: 0.9355 - loss: 0.2407 - val_accuracy: 0.9460 - val_loss: 0.2097
Epoch 41/50
528/528 - 0s - 855us/step - accuracy: 0.9355 - loss: 0.2414 - val_accuracy: 0.9480 - val_loss: 0.2106
Epoch 42/50
528/528 - 0s - 848us/step - accuracy: 0.9354 - loss: 0.2412 - val_accuracy: 0.9438 - val_loss: 0.2147
Epoch 43/50
528/528 - 0s - 852us/step - accuracy: 0.9357 - loss: 0.2420 - val_accuracy: 0.9486 - val_loss: 0.2105
Epoch 44/50
528/528 - 0s - 853us/step - accuracy: 0.9367 - loss: 0.2376 - val_accuracy: 0.9508 - val_loss: 0.2092
Epoch 45/50
528/528 - 0s - 856us/step - accuracy: 0.9379 - loss: 0.2375 - val_accuracy: 0.9438 - val_loss: 0.2154
Epoch 46/50
528/528 - 1s - 972us/step - accuracy: 0.9374 - loss: 0.2384 - val_accuracy: 0.9391 - val_loss: 0.2239
Epoch 47/50
528/528 - 0s - 936us/step - accuracy: 0.9379 - loss: 0.2367 - val_accuracy: 0.9468 - val_loss: 0.2101
Epoch 48/50
528/528 - 0s - 877us/step - accuracy: 0.9386 - loss: 0.2346 - val_accuracy: 0.9474 - val_loss: 0.2082
Epoch 49/50
528/528 - 0s - 851us/step - accuracy: 0.9369 - loss: 0.2379 - val_accuracy: 0.9351 - val_loss: 0.2284
Epoch 50/50
528/528 - 0s - 850us/step - accuracy: 0.9380 - loss: 0.2362 - val_accuracy: 0.9452 - val_loss: 0.2102
[mlp_int8_mc] done in 23.05s
[mlp_mc] metrics (float): {
  "accuracy": 0.9519296832429103,
  "macro_f1": 0.8982256725215126,
  "weighted_f1": 0.9515868937379488,
  "confusion_matrix": [
    [
      3998,
      1,
      0,
      1,
      0,
      0,
      0,
      0,
      0,
      0
    ],
    [
      0,
      3769,
      24,
      52,
      5,
      47,
      6,
      24,
      1,
      72
    ],
    [
      0,
      25,
      3819,
      0,
      17,
      11,
      0,
      0,
      24,
      104
    ],
    [
      0,
      98,
      69,
      3606,
      1,
      3,
      80,
      5,
      20,
      118
    ],
    [
      2,
      1,
      56,
      6,
      75,
      18,
      0,
      1,
      0,
      50
    ],
    [
      0,
      3,
      11,
      1,
      12,
      9885,
      0,
      11,
      8,
      69
    ],
    [
      80,
      3,
      22,
      125,
      12,
      5,
      3677,
      0,
      9,
      67
    ],
    [
      0,
      2,
      0,
      0,
      0,
      15,
      0,
      3939,
      6,
      38
    ],
    [
      31,
      54,
      15,
      2,
      4,
      0,
      51,
      22,
      3700,
      121
    ],
    [
      0,
      56,
      107,
      83,
      0,
      6,
      1,
      7,
      28,
      3712
    ]
  ],
  "roc_auc_micro": 0.9981305579337444,
  "roc_auc_macro": 0.9961794528277295,
  "pr_auc_micro": 0.9871071195514067,
  "pr_auc_macro": 0.9227648567988794
}
