[rf-mc] training (168834 samples, 121 features, classes=10)...
[rf-mc] done in 5.92s
[rf-mc] metrics: {
  "accuracy": 0.9888175507593168,
  "macro_f1": 0.9658744322257675,
  "weighted_f1": 0.9888869043749063,
  "confusion_matrix": [
    [
      3997,
      0,
      1,
      2,
      0,
      0,
      0,
      0,
      0,
      0
    ],
    [
      0,
      3923,
      3,
      26,
      0,
      15,
      2,
      0,
      0,
      31
    ],
    [
      0,
      0,
      3926,
      2,
      27,
      5,
      6,
      0,
      32,
      2
    ],
    [
      0,
      32,
      5,
      3883,
      5,
      0,
      2,
      0,
      14,
      59
    ],
    [
      0,
      1,
      11,
      8,
      169,
      8,
      10,
      0,
      2,
      0
    ],
    [
      0,
      4,
      6,
      0,
      7,
      9978,
      3,
      1,
      1,
      0
    ],
    [
      0,
      0,
      5,
      0,
      16,
      0,
      3971,
      0,
      4,
      4
    ],
    [
      0,
      4,
      0,
      0,
      0,
      0,
      0,
      3996,
      0,
      0
    ],
    [
      0,
      0,
      21,
      4,
      12,
      0,
      2,
      0,
      3961,
      0
    ],
    [
      0,
      18,
      0,
      47,
      0,
      2,
      0,
      0,
      0,
      3933
    ]
  ],
  "roc_auc_micro": 0.9995715106127956,
  "roc_auc_macro": 0.9994187666883736,
  "pr_auc_micro": 0.9985621397337826,
  "pr_auc_macro": 0.9806863051500478
}
