[xgb-mc] training (168834 samples, 121 features, classes=10)...
[0]	validation_0-mlogloss:1.93708	validation_1-mlogloss:1.93707
[50]	validation_0-mlogloss:0.17277	validation_1-mlogloss:0.17616
[100]	validation_0-mlogloss:0.05087	validation_1-mlogloss:0.05641
[150]	validation_0-mlogloss:0.03360	validation_1-mlogloss:0.04052
[200]	validation_0-mlogloss:0.02731	validation_1-mlogloss:0.03558
[250]	validation_0-mlogloss:0.02374	validation_1-mlogloss:0.03329
[300]	validation_0-mlogloss:0.02110	validation_1-mlogloss:0.03194
[350]	validation_0-mlogloss:0.01902	validation_1-mlogloss:0.03110
[400]	validation_0-mlogloss:0.01732	validation_1-mlogloss:0.03055
[450]	validation_0-mlogloss:0.01597	validation_1-mlogloss:0.03030
[500]	validation_0-mlogloss:0.01477	validation_1-mlogloss:0.03012
[550]	validation_0-mlogloss:0.01375	validation_1-mlogloss:0.03011
[599]	validation_0-mlogloss:0.01279	validation_1-mlogloss:0.03013
[xgb-mc] done in 47.06s
[xgb-mc] metrics: {
  "accuracy": 0.989409841502997,
  "macro_f1": 0.964931984341343,
  "weighted_f1": 0.9894798910873713,
  "confusion_matrix": [
    [
      3997,
      0,
      0,
      3,
      0,
      0,
      0,
      0,
      0,
      0
    ],
    [
      0,
      3926,
      2,
      14,
      0,
      15,
      1,
      0,
      0,
      42
    ],
    [
      0,
      1,
      3929,
      0,
      27,
      7,
      4,
      0,
      31,
      1
    ],
    [
      0,
      29,
      3,
      3872,
      6,
      1,
      3,
      0,
      16,
      70
    ],
    [
      0,
      0,
      21,
      8,
      165,
      7,
      6,
      0,
      2,
      0
    ],
    [
      0,
      4,
      1,
      0,
      5,
      9984,
      4,
      0,
      2,
      0
    ],
    [
      0,
      0,
      5,
      0,
      22,
      0,
      3969,
      0,
      1,
      3
    ],
    [
      0,
      4,
      0,
      0,
      0,
      0,
      0,
      3996,
      0,
      0
    ],
    [
      0,
      0,
      22,
      1,
      10,
      2,
      5,
      0,
      3960,
      0
    ],
    [
      0,
      4,
      1,
      30,
      0,
      1,
      0,
      0,
      0,
      3964
    ]
  ],
  "roc_auc_micro": 0.9999409203855699,
  "roc_auc_macro": 0.9997851267038577,
  "pr_auc_micro": 0.9995283071184667,
  "pr_auc_macro": 0.9841318468780791
}
