[rf-mc] training (168834 samples, 119 features, classes=10)...
[rf-mc] done in 5.75s
[rf-mc] metrics: {
  "accuracy": 0.9886990926105806,
  "macro_f1": 0.965064654385387,
  "weighted_f1": 0.9887678800772376,
  "confusion_matrix": [
    [
      3997,
      0,
      1,
      2,
      0,
      0,
      0,
      0,
      0,
      0
    ],
    [
      0,
      3920,
      4,
      26,
      0,
      15,
      3,
      0,
      0,
      32
    ],
    [
      0,
      0,
      3926,
      2,
      28,
      5,
      5,
      0,
      32,
      2
    ],
    [
      0,
      31,
      5,
      3884,
      5,
      0,
      2,
      0,
      14,
      59
    ],
    [
      0,
      1,
      11,
      8,
      167,
      8,
      12,
      0,
      2,
      0
    ],
    [
      0,
      5,
      5,
      0,
      6,
      9977,
      5,
      1,
      1,
      0
    ],
    [
      0,
      0,
      5,
      0,
      17,
      0,
      3973,
      0,
      2,
      3
    ],
    [
      0,
      4,
      0,
      0,
      0,
      0,
      0,
      3996,
      0,
      0
    ],
    [
      0,
      0,
      21,
      4,
      12,
      0,
      2,
      0,
      3961,
      0
    ],
    [
      0,
      17,
      0,
      50,
      0,
      2,
      0,
      0,
      0,
      3931
    ]
  ],
  "roc_auc_micro": 0.9996292853138052,
  "roc_auc_macro": 0.9992489597867247,
  "pr_auc_micro": 0.9986298604866936,
  "pr_auc_macro": 0.9807253575512034
}
