/Users/user/iot-audit/.venv/lib/python3.12/site-packages/sklearn/linear_model/_logistic.py:1457: FutureWarning: 'n_jobs' has no effect since 1.8 and will be removed in 1.10. You provided 'n_jobs=-1', please leave it unspecified.
  warnings.warn(msg, category=FutureWarning)
[logreg-mc] training (168834 samples, 119 features, classes=10)...
[logreg-mc] done in 29.66s
[logreg-mc] metrics: {
  "accuracy": 0.825842829728257,
  "macro_f1": 0.7679878609740417,
  "weighted_f1": 0.8325329522267816,
  "confusion_matrix": [
    [
      3994,
      0,
      0,
      0,
      3,
      0,
      3,
      0,
      0,
      0
    ],
    [
      0,
      3615,
      4,
      18,
      47,
      52,
      132,
      21,
      17,
      94
    ],
    [
      0,
      29,
      3650,
      0,
      284,
      9,
      0,
      2,
      22,
      4
    ],
    [
      0,
      94,
      5,
      2843,
      143,
      3,
      762,
      9,
      13,
      128
    ],
    [
      0,
      1,
      1,
      2,
      196,
      7,
      2,
      0,
      0,
      0
    ],
    [
      0,
      4,
      2,
      4,
      213,
      8398,
      3,
      1367,
      8,
      1
    ],
    [
      926,
      1,
      0,
      728,
      51,
      0,
      2236,
      0,
      25,
      33
    ],
    [
      0,
      2,
      0,
      0,
      27,
      1,
      0,
      3613,
      183,
      174
    ],
    [
      726,
      59,
      10,
      1,
      41,
      0,
      0,
      60,
      2979,
      124
    ],
    [
      0,
      116,
      12,
      95,
      223,
      4,
      32,
      38,
      146,
      3334
    ]
  ],
  "roc_auc_micro": 0.9874488723597835,
  "roc_auc_macro": 0.984345462932159,
  "pr_auc_micro": 0.9143358267300369,
  "pr_auc_macro": 0.8268195762438916
}
