[mlp_int8] training (135067 fit + 33767 validation samples, 118 features)...
Epoch 1/50
528/528 - 1s - 1ms/step - accuracy: 0.9592 - auc: 0.9900 - loss: 0.1226 - val_accuracy: 0.9747 - val_auc: 0.9968 - val_loss: 0.0735
Epoch 2/50
528/528 - 0s - 712us/step - accuracy: 0.9766 - auc: 0.9959 - loss: 0.0723 - val_accuracy: 0.9782 - val_auc: 0.9973 - val_loss: 0.0619
Epoch 3/50
528/528 - 0s - 708us/step - accuracy: 0.9791 - auc: 0.9967 - loss: 0.0629 - val_accuracy: 0.9786 - val_auc: 0.9978 - val_loss: 0.0569
Epoch 4/50
528/528 - 0s - 706us/step - accuracy: 0.9811 - auc: 0.9970 - loss: 0.0581 - val_accuracy: 0.9937 - val_auc: 0.9980 - val_loss: 0.0529
Epoch 5/50
528/528 - 0s - 706us/step - accuracy: 0.9845 - auc: 0.9974 - loss: 0.0535 - val_accuracy: 0.9784 - val_auc: 0.9981 - val_loss: 0.0483
Epoch 6/50
528/528 - 0s - 704us/step - accuracy: 0.9887 - auc: 0.9978 - loss: 0.0475 - val_accuracy: 0.9943 - val_auc: 0.9983 - val_loss: 0.0372
Epoch 7/50
528/528 - 0s - 703us/step - accuracy: 0.9917 - auc: 0.9981 - loss: 0.0406 - val_accuracy: 0.9941 - val_auc: 0.9985 - val_loss: 0.0335
Epoch 8/50
528/528 - 0s - 705us/step - accuracy: 0.9928 - auc: 0.9982 - loss: 0.0378 - val_accuracy: 0.9941 - val_auc: 0.9985 - val_loss: 0.0326
Epoch 9/50
528/528 - 0s - 699us/step - accuracy: 0.9932 - auc: 0.9982 - loss: 0.0357 - val_accuracy: 0.9932 - val_auc: 0.9985 - val_loss: 0.0345
Epoch 10/50
528/528 - 0s - 703us/step - accuracy: 0.9934 - auc: 0.9984 - loss: 0.0344 - val_accuracy: 0.9944 - val_auc: 0.9986 - val_loss: 0.0315
Epoch 11/50
528/528 - 0s - 704us/step - accuracy: 0.9934 - auc: 0.9985 - loss: 0.0334 - val_accuracy: 0.9943 - val_auc: 0.9985 - val_loss: 0.0310
Epoch 12/50
528/528 - 0s - 701us/step - accuracy: 0.9935 - auc: 0.9984 - loss: 0.0333 - val_accuracy: 0.9944 - val_auc: 0.9985 - val_loss: 0.0299
Epoch 13/50
528/528 - 0s - 706us/step - accuracy: 0.9936 - auc: 0.9985 - loss: 0.0318 - val_accuracy: 0.9943 - val_auc: 0.9985 - val_loss: 0.0307
Epoch 14/50
528/528 - 0s - 702us/step - accuracy: 0.9933 - auc: 0.9985 - loss: 0.0330 - val_accuracy: 0.9944 - val_auc: 0.9985 - val_loss: 0.0298
Epoch 15/50
528/528 - 0s - 704us/step - accuracy: 0.9935 - auc: 0.9985 - loss: 0.0319 - val_accuracy: 0.9943 - val_auc: 0.9987 - val_loss: 0.0293
Epoch 16/50
528/528 - 0s - 700us/step - accuracy: 0.9936 - auc: 0.9985 - loss: 0.0316 - val_accuracy: 0.9944 - val_auc: 0.9986 - val_loss: 0.0297
Epoch 17/50
528/528 - 0s - 702us/step - accuracy: 0.9934 - auc: 0.9985 - loss: 0.0315 - val_accuracy: 0.9945 - val_auc: 0.9986 - val_loss: 0.0288
Epoch 18/50
528/528 - 0s - 701us/step - accuracy: 0.9935 - auc: 0.9987 - loss: 0.0311 - val_accuracy: 0.9944 - val_auc: 0.9986 - val_loss: 0.0293
Epoch 19/50
528/528 - 0s - 702us/step - accuracy: 0.9936 - auc: 0.9987 - loss: 0.0311 - val_accuracy: 0.9942 - val_auc: 0.9987 - val_loss: 0.0284
Epoch 20/50
528/528 - 0s - 702us/step - accuracy: 0.9939 - auc: 0.9987 - loss: 0.0300 - val_accuracy: 0.9944 - val_auc: 0.9988 - val_loss: 0.0284
Epoch 21/50
528/528 - 0s - 700us/step - accuracy: 0.9936 - auc: 0.9986 - loss: 0.0305 - val_accuracy: 0.9943 - val_auc: 0.9986 - val_loss: 0.0285
Epoch 22/50
528/528 - 0s - 703us/step - accuracy: 0.9938 - auc: 0.9987 - loss: 0.0302 - val_accuracy: 0.9946 - val_auc: 0.9986 - val_loss: 0.0287
Epoch 23/50
528/528 - 0s - 703us/step - accuracy: 0.9936 - auc: 0.9986 - loss: 0.0300 - val_accuracy: 0.9943 - val_auc: 0.9988 - val_loss: 0.0291
Epoch 24/50
528/528 - 0s - 702us/step - accuracy: 0.9917 - auc: 0.9985 - loss: 0.0349 - val_accuracy: 0.9943 - val_auc: 0.9986 - val_loss: 0.0291
Epoch 25/50
528/528 - 0s - 705us/step - accuracy: 0.9926 - auc: 0.9986 - loss: 0.0324 - val_accuracy: 0.9943 - val_auc: 0.9989 - val_loss: 0.0283
Epoch 26/50
528/528 - 0s - 703us/step - accuracy: 0.9929 - auc: 0.9985 - loss: 0.0320 - val_accuracy: 0.9943 - val_auc: 0.9990 - val_loss: 0.0273
Epoch 27/50
528/528 - 0s - 706us/step - accuracy: 0.9911 - auc: 0.9984 - loss: 0.0354 - val_accuracy: 0.9942 - val_auc: 0.9988 - val_loss: 0.0288
Epoch 28/50
528/528 - 0s - 704us/step - accuracy: 0.9914 - auc: 0.9985 - loss: 0.0346 - val_accuracy: 0.9944 - val_auc: 0.9986 - val_loss: 0.0315
Epoch 29/50
528/528 - 0s - 703us/step - accuracy: 0.9921 - auc: 0.9985 - loss: 0.0332 - val_accuracy: 0.9937 - val_auc: 0.9989 - val_loss: 0.0302
Epoch 30/50
528/528 - 0s - 703us/step - accuracy: 0.9934 - auc: 0.9987 - loss: 0.0303 - val_accuracy: 0.9943 - val_auc: 0.9987 - val_loss: 0.0280
Epoch 31/50
528/528 - 0s - 703us/step - accuracy: 0.9938 - auc: 0.9987 - loss: 0.0297 - val_accuracy: 0.9945 - val_auc: 0.9988 - val_loss: 0.0268
Epoch 32/50
528/528 - 0s - 704us/step - accuracy: 0.9937 - auc: 0.9986 - loss: 0.0291 - val_accuracy: 0.9944 - val_auc: 0.9990 - val_loss: 0.0263
Epoch 33/50
528/528 - 0s - 702us/step - accuracy: 0.9937 - auc: 0.9988 - loss: 0.0291 - val_accuracy: 0.9942 - val_auc: 0.9990 - val_loss: 0.0276
Epoch 34/50
528/528 - 0s - 704us/step - accuracy: 0.9938 - auc: 0.9986 - loss: 0.0291 - val_accuracy: 0.9945 - val_auc: 0.9988 - val_loss: 0.0270
Epoch 35/50
528/528 - 0s - 703us/step - accuracy: 0.9940 - auc: 0.9988 - loss: 0.0287 - val_accuracy: 0.9944 - val_auc: 0.9987 - val_loss: 0.0267
Epoch 36/50
528/528 - 0s - 701us/step - accuracy: 0.9939 - auc: 0.9987 - loss: 0.0286 - val_accuracy: 0.9945 - val_auc: 0.9987 - val_loss: 0.0271
Epoch 37/50
528/528 - 0s - 702us/step - accuracy: 0.9937 - auc: 0.9987 - loss: 0.0287 - val_accuracy: 0.9943 - val_auc: 0.9988 - val_loss: 0.0273
Epoch 38/50
528/528 - 0s - 705us/step - accuracy: 0.9938 - auc: 0.9987 - loss: 0.0288 - val_accuracy: 0.9944 - val_auc: 0.9989 - val_loss: 0.0265
Epoch 39/50
528/528 - 0s - 703us/step - accuracy: 0.9938 - auc: 0.9988 - loss: 0.0287 - val_accuracy: 0.9943 - val_auc: 0.9988 - val_loss: 0.0265
Epoch 40/50
528/528 - 0s - 702us/step - accuracy: 0.9932 - auc: 0.9987 - loss: 0.0304 - val_accuracy: 0.9946 - val_auc: 0.9987 - val_loss: 0.0269
[mlp_int8] done in 15.28s
[mlp] metrics (float): {
  "accuracy": 0.994929991234097,
  "precision_pos": 0.995355318160706,
  "recall_pos": 0.9980129777391412,
  "f1_pos": 0.996682376286742,
  "precision_neg": 0.9935444825499294,
  "recall_neg": 0.985,
  "f1_neg": 0.9892537913026012,
  "confusion_matrix": [
    [
      9850,
      150
    ],
    [
      64,
      32145
    ]
  ],
  "roc_auc": 0.9993992408954018,
  "pr_auc": 0.9998025050536681
}
