INFO: Created TensorFlow Lite XNNPACK delegate for CPU.
Summary saved to benchmark/007/bcm2712/multiclass/summary/summary_models_mc.csv
         model  accuracy  ...  preproc_size_mb  total_size_mb
0        rf_mc  0.988699  ...            0.008        274.108
1      lgbm_mc  0.989457  ...            0.008         31.172
2       xgb_mc  0.989315  ...            0.008         13.643
3    logreg_mc  0.825843  ...            0.009          0.022
4       mlp_mc  0.952072  ...            0.008          0.340
5  mlp_mc_int8  0.667820  ...            0.008          0.037

[6 rows x 11 columns]
Per-class report merged saved to benchmark/007/bcm2712/multiclass/summary/per_class_report_merged.csv
[benchmark_inference] dropped potential leakage columns: ['type', 'label']
Run 1 saved to benchmark/007/bcm2712/multiclass/inference_benchmark_mc_1.csv
Run 2 saved to benchmark/007/bcm2712/multiclass/inference_benchmark_mc_2.csv
Run 3 saved to benchmark/007/bcm2712/multiclass/inference_benchmark_mc_3.csv
Run 4 saved to benchmark/007/bcm2712/multiclass/inference_benchmark_mc_4.csv
Run 5 saved to benchmark/007/bcm2712/multiclass/inference_benchmark_mc_5.csv
All benchmark data saved to benchmark/007/bcm2712/multiclass/inference_benchmark_mc.csv
          model  transform_ms_per_1k  ... run_id device_id
0         rf_mc             7.153751  ...      1   bcm2712
1         rf_mc             7.228303  ...      2   bcm2712
2         rf_mc             7.364612  ...      3   bcm2712
3         rf_mc             7.203467  ...      4   bcm2712
4         rf_mc             7.112046  ...      5   bcm2712
5         rf_mc  7.212436 ± 0.086037  ...    avg   bcm2712
6       lgbm_mc             7.113002  ...      1   bcm2712
7       lgbm_mc              7.20925  ...      2   bcm2712
8       lgbm_mc             7.087303  ...      3   bcm2712
9       lgbm_mc             7.220157  ...      4   bcm2712
10      lgbm_mc             7.171646  ...      5   bcm2712
11      lgbm_mc  7.160271 ± 0.052294  ...    avg   bcm2712
12       xgb_mc             7.317942  ...      1   bcm2712
13       xgb_mc             7.219738  ...      2   bcm2712
14       xgb_mc             7.231984  ...      3   bcm2712
15       xgb_mc             7.428015  ...      4   bcm2712
16       xgb_mc             7.265029  ...      5   bcm2712
17       xgb_mc  7.292542 ± 0.075793  ...    avg   bcm2712
18    logreg_mc             7.477795  ...      1   bcm2712
19    logreg_mc              7.45758  ...      2   bcm2712
20    logreg_mc             8.003208  ...      3   bcm2712
21    logreg_mc             7.732279  ...      4   bcm2712
22    logreg_mc             7.417763  ...      5   bcm2712
23    logreg_mc  7.617725 ± 0.222230  ...    avg   bcm2712
24       mlp_mc             8.095052  ...      1   bcm2712
25       mlp_mc              7.78156  ...      2   bcm2712
26       mlp_mc              7.69024  ...      3   bcm2712
27       mlp_mc             7.824842  ...      4   bcm2712
28       mlp_mc             7.787675  ...      5   bcm2712
29       mlp_mc  7.835874 ± 0.136951  ...    avg   bcm2712
30  mlp_mc_int8             8.182038  ...      1   bcm2712
31  mlp_mc_int8             8.107341  ...      2   bcm2712
32  mlp_mc_int8             8.119587  ...      3   bcm2712
33  mlp_mc_int8             8.135617  ...      4   bcm2712
34  mlp_mc_int8             8.103806  ...      5   bcm2712
35  mlp_mc_int8  8.129678 ± 0.028450  ...    avg   bcm2712

[36 rows x 7 columns]
