2026-09-22 23:35:56.420512: I external/local_tsl/tsl/cuda/cudart_stub.cc:32] Could not find cuda drivers on your machine, GPU will not be used.
2026-09-22 23:35:56.423849: I external/local_tsl/tsl/cuda/cudart_stub.cc:32] Could not find cuda drivers on your machine, GPU will not be used.
2026-09-22 23:35:56.433478: E external/local_xla/xla/stream_executor/cuda/cuda_fft.cc:479] Unable to register cuFFT factory: Attempting to register factory for plugin cuFFT when one has already been registered
2026-09-22 23:35:56.451780: E external/local_xla/xla/stream_executor/cuda/cuda_dnn.cc:10575] Unable to register cuDNN factory: Attempting to register factory for plugin cuDNN when one has already been registered
2026-09-22 23:35:56.451823: E external/local_xla/xla/stream_executor/cuda/cuda_blas.cc:1442] Unable to register cuBLAS factory: Attempting to register factory for plugin cuBLAS when one has already been registered
2026-09-22 23:35:56.463069: I tensorflow/core/platform/cpu_feature_guard.cc:210] This TensorFlow binary is optimized to use available CPU instructions in performance-critical operations.
To enable the following instructions: AVX2 FMA, in other operations, rebuild TensorFlow with the appropriate compiler flags.
2026-09-22 23:35:57.445535: W tensorflow/compiler/tf2tensorrt/utils/py_utils.cc:38] TF-TRT Warning: Could not find TensorRT
INFO: Created TensorFlow Lite XNNPACK delegate for CPU.
Summary saved to benchmark/001/corei5_7200U/multiclass/summary/summary_models_mc.csv
         model  accuracy  ...  preproc_size_mb  total_size_mb
0        rf_mc  0.988818  ...            0.008        273.605
1      lgbm_mc  0.989457  ...            0.008         31.172
2       xgb_mc  0.989410  ...            0.008         13.617
3    logreg_mc  0.826435  ...            0.009          0.022
4       mlp_mc  0.951930  ...            0.008          0.343
5  mlp_mc_int8  0.488000  ...            0.008          0.037

[6 rows x 11 columns]
Per-class report merged saved to benchmark/001/corei5_7200U/multiclass/summary/per_class_report_merged.csv
[benchmark_inference] dropped potential leakage columns: ['type', 'label']
Run 1 saved to benchmark/001/corei5_7200U/multiclass/inference_benchmark_mc_1.csv
Run 2 saved to benchmark/001/corei5_7200U/multiclass/inference_benchmark_mc_2.csv
Run 3 saved to benchmark/001/corei5_7200U/multiclass/inference_benchmark_mc_3.csv
Run 4 saved to benchmark/001/corei5_7200U/multiclass/inference_benchmark_mc_4.csv
Run 5 saved to benchmark/001/corei5_7200U/multiclass/inference_benchmark_mc_5.csv
All benchmark data saved to benchmark/001/corei5_7200U/multiclass/inference_benchmark_mc.csv
          model   transform_ms_per_1k  ... run_id     device_id
0         rf_mc              6.273201  ...      1  corei5_7200U
1         rf_mc              5.982829  ...      2  corei5_7200U
2         rf_mc              6.464418  ...      3  corei5_7200U
3         rf_mc              6.472368  ...      4  corei5_7200U
4         rf_mc              6.514379  ...      5  corei5_7200U
5         rf_mc   6.341439 ± 0.197703  ...    avg  corei5_7200U
6       lgbm_mc              6.190481  ...      1  corei5_7200U
7       lgbm_mc              6.173115  ...      2  corei5_7200U
8       lgbm_mc              6.234123  ...      3  corei5_7200U
9       lgbm_mc              6.180988  ...      4  corei5_7200U
10      lgbm_mc              6.249062  ...      5  corei5_7200U
11      lgbm_mc   6.205554 ± 0.030305  ...    avg  corei5_7200U
12       xgb_mc              6.046928  ...      1  corei5_7200U
13       xgb_mc              6.043502  ...      2  corei5_7200U
14       xgb_mc              6.326168  ...      3  corei5_7200U
15       xgb_mc              6.031957  ...      4  corei5_7200U
16       xgb_mc              6.051075  ...      5  corei5_7200U
17       xgb_mc   6.099926 ± 0.113300  ...    avg  corei5_7200U
18    logreg_mc             11.920416  ...      1  corei5_7200U
19    logreg_mc              11.94795  ...      2  corei5_7200U
20    logreg_mc             12.124958  ...      3  corei5_7200U
21    logreg_mc             11.968227  ...      4  corei5_7200U
22    logreg_mc             11.966864  ...      5  corei5_7200U
23    logreg_mc  11.985683 ± 0.071750  ...    avg  corei5_7200U
24       mlp_mc              6.761442  ...      1  corei5_7200U
25       mlp_mc              6.646118  ...      2  corei5_7200U
26       mlp_mc              6.643519  ...      3  corei5_7200U
27       mlp_mc              6.740096  ...      4  corei5_7200U
28       mlp_mc              6.606357  ...      5  corei5_7200U
29       mlp_mc   6.679506 ± 0.060242  ...    avg  corei5_7200U
30  mlp_mc_int8              7.092022  ...      1  corei5_7200U
31  mlp_mc_int8              7.104244  ...      2  corei5_7200U
32  mlp_mc_int8              7.109043  ...      3  corei5_7200U
33  mlp_mc_int8              7.168471  ...      4  corei5_7200U
34  mlp_mc_int8              7.122069  ...      5  corei5_7200U
35  mlp_mc_int8   7.119170 ± 0.026463  ...    avg  corei5_7200U

[36 rows x 7 columns]
