INFO: Created TensorFlow Lite XNNPACK delegate for CPU.
Summary saved to benchmark/001/apple_m1/multiclass/summary/summary_models_mc.csv
         model  accuracy  ...  preproc_size_mb  total_size_mb
0        rf_mc  0.988818  ...            0.008        273.605
1      lgbm_mc  0.989457  ...            0.008         31.172
2       xgb_mc  0.989410  ...            0.008         13.617
3    logreg_mc  0.826435  ...            0.009          0.022
4       mlp_mc  0.951930  ...            0.008          0.343
5  mlp_mc_int8  0.488000  ...            0.008          0.037

[6 rows x 11 columns]
Per-class report merged saved to benchmark/001/apple_m1/multiclass/summary/per_class_report_merged.csv
[benchmark_inference] dropped potential leakage columns: ['type', 'label']
Run 1 saved to benchmark/001/apple_m1/multiclass/inference_benchmark_mc_1.csv
Run 2 saved to benchmark/001/apple_m1/multiclass/inference_benchmark_mc_2.csv
Run 3 saved to benchmark/001/apple_m1/multiclass/inference_benchmark_mc_3.csv
Run 4 saved to benchmark/001/apple_m1/multiclass/inference_benchmark_mc_4.csv
Run 5 saved to benchmark/001/apple_m1/multiclass/inference_benchmark_mc_5.csv
All benchmark data saved to benchmark/001/apple_m1/multiclass/inference_benchmark_mc.csv
          model  transform_ms_per_1k  ... run_id device_id
0         rf_mc             2.982196  ...      1  apple_m1
1         rf_mc              2.47675  ...      2  apple_m1
2         rf_mc             2.386725  ...      3  apple_m1
3         rf_mc             2.422213  ...      4  apple_m1
4         rf_mc             2.428617  ...      5  apple_m1
5         rf_mc  2.539300 ± 0.223297  ...    avg  apple_m1
6       lgbm_mc             2.469504  ...      1  apple_m1
7       lgbm_mc             2.401958  ...      2  apple_m1
8       lgbm_mc             2.374067  ...      3  apple_m1
9       lgbm_mc             2.409421  ...      4  apple_m1
10      lgbm_mc             2.384883  ...      5  apple_m1
11      lgbm_mc  2.407967 ± 0.033188  ...    avg  apple_m1
12       xgb_mc             2.406787  ...      1  apple_m1
13       xgb_mc             2.428708  ...      2  apple_m1
14       xgb_mc             2.420679  ...      3  apple_m1
15       xgb_mc             2.435113  ...      4  apple_m1
16       xgb_mc             2.437063  ...      5  apple_m1
17       xgb_mc  2.425670 ± 0.011042  ...    avg  apple_m1
18    logreg_mc             2.957988  ...      1  apple_m1
19    logreg_mc               2.5688  ...      2  apple_m1
20    logreg_mc             2.538792  ...      3  apple_m1
21    logreg_mc             2.549821  ...      4  apple_m1
22    logreg_mc              2.54295  ...      5  apple_m1
23    logreg_mc  2.631670 ± 0.163483  ...    avg  apple_m1
24       mlp_mc             2.699312  ...      1  apple_m1
25       mlp_mc              2.59375  ...      2  apple_m1
26       mlp_mc             2.608429  ...      3  apple_m1
27       mlp_mc             2.616904  ...      4  apple_m1
28       mlp_mc             2.607454  ...      5  apple_m1
29       mlp_mc  2.625170 ± 0.037807  ...    avg  apple_m1
30  mlp_mc_int8             2.761792  ...      1  apple_m1
31  mlp_mc_int8             2.736317  ...      2  apple_m1
32  mlp_mc_int8             2.727454  ...      3  apple_m1
33  mlp_mc_int8             2.710171  ...      4  apple_m1
34  mlp_mc_int8             2.730117  ...      5  apple_m1
35  mlp_mc_int8  2.733170 ± 0.016734  ...    avg  apple_m1

[36 rows x 7 columns]
