2026-09-27 13:16:02.928214: I external/local_tsl/tsl/cuda/cudart_stub.cc:32] Could not find cuda drivers on your machine, GPU will not be used.
2026-09-27 13:16:02.931490: I external/local_tsl/tsl/cuda/cudart_stub.cc:32] Could not find cuda drivers on your machine, GPU will not be used.
2026-09-27 13:16:02.940990: E external/local_xla/xla/stream_executor/cuda/cuda_fft.cc:479] Unable to register cuFFT factory: Attempting to register factory for plugin cuFFT when one has already been registered
2026-09-27 13:16:02.959158: E external/local_xla/xla/stream_executor/cuda/cuda_dnn.cc:10575] Unable to register cuDNN factory: Attempting to register factory for plugin cuDNN when one has already been registered
2026-09-27 13:16:02.959202: E external/local_xla/xla/stream_executor/cuda/cuda_blas.cc:1442] Unable to register cuBLAS factory: Attempting to register factory for plugin cuBLAS when one has already been registered
2026-09-27 13:16:02.970284: I tensorflow/core/platform/cpu_feature_guard.cc:210] This TensorFlow binary is optimized to use available CPU instructions in performance-critical operations.
To enable the following instructions: AVX2 FMA, in other operations, rebuild TensorFlow with the appropriate compiler flags.
2026-09-27 13:16:03.942283: W tensorflow/compiler/tf2tensorrt/utils/py_utils.cc:38] TF-TRT Warning: Could not find TensorRT
INFO: Created TensorFlow Lite XNNPACK delegate for CPU.
Summary saved to benchmark/007/corei5_7200U/multiclass/summary/summary_models_mc.csv
         model  accuracy  ...  preproc_size_mb  total_size_mb
0        rf_mc  0.988699  ...            0.008        274.108
1      lgbm_mc  0.989457  ...            0.008         31.172
2       xgb_mc  0.989315  ...            0.008         13.643
3    logreg_mc  0.825843  ...            0.009          0.022
4       mlp_mc  0.952072  ...            0.008          0.340
5  mlp_mc_int8  0.667820  ...            0.008          0.037

[6 rows x 11 columns]
Per-class report merged saved to benchmark/007/corei5_7200U/multiclass/summary/per_class_report_merged.csv
[benchmark_inference] dropped potential leakage columns: ['type', 'label']
Run 1 saved to benchmark/007/corei5_7200U/multiclass/inference_benchmark_mc_1.csv
Run 2 saved to benchmark/007/corei5_7200U/multiclass/inference_benchmark_mc_2.csv
Run 3 saved to benchmark/007/corei5_7200U/multiclass/inference_benchmark_mc_3.csv
Run 4 saved to benchmark/007/corei5_7200U/multiclass/inference_benchmark_mc_4.csv
Run 5 saved to benchmark/007/corei5_7200U/multiclass/inference_benchmark_mc_5.csv
All benchmark data saved to benchmark/007/corei5_7200U/multiclass/inference_benchmark_mc.csv
          model   transform_ms_per_1k  ... run_id     device_id
0         rf_mc              6.551087  ...      1  corei5_7200U
1         rf_mc              6.026294  ...      2  corei5_7200U
2         rf_mc              8.861022  ...      3  corei5_7200U
3         rf_mc              8.092448  ...      4  corei5_7200U
4         rf_mc              6.579011  ...      5  corei5_7200U
5         rf_mc   7.221972 ± 1.071200  ...    avg  corei5_7200U
6       lgbm_mc              6.236465  ...      1  corei5_7200U
7       lgbm_mc              6.140238  ...      2  corei5_7200U
8       lgbm_mc               6.21491  ...      3  corei5_7200U
9       lgbm_mc              6.169915  ...      4  corei5_7200U
10      lgbm_mc              6.200247  ...      5  corei5_7200U
11      lgbm_mc   6.192355 ± 0.033871  ...    avg  corei5_7200U
12       xgb_mc              6.067331  ...      1  corei5_7200U
13       xgb_mc              6.017083  ...      2  corei5_7200U
14       xgb_mc              6.573821  ...      3  corei5_7200U
15       xgb_mc              6.038739  ...      4  corei5_7200U
16       xgb_mc              6.071071  ...      5  corei5_7200U
17       xgb_mc   6.153609 ± 0.211030  ...    avg  corei5_7200U
18    logreg_mc             11.833674  ...      1  corei5_7200U
19    logreg_mc             11.960403  ...      2  corei5_7200U
20    logreg_mc             12.298542  ...      3  corei5_7200U
21    logreg_mc             11.981964  ...      4  corei5_7200U
22    logreg_mc              11.97707  ...      5  corei5_7200U
23    logreg_mc  12.010331 ± 0.154063  ...    avg  corei5_7200U
24       mlp_mc              6.336647  ...      1  corei5_7200U
25       mlp_mc              6.267511  ...      2  corei5_7200U
26       mlp_mc               6.31896  ...      3  corei5_7200U
27       mlp_mc              6.399151  ...      4  corei5_7200U
28       mlp_mc              6.308069  ...      5  corei5_7200U
29       mlp_mc   6.326067 ± 0.043026  ...    avg  corei5_7200U
30  mlp_mc_int8              6.766343  ...      1  corei5_7200U
31  mlp_mc_int8              6.758759  ...      2  corei5_7200U
32  mlp_mc_int8              6.809325  ...      3  corei5_7200U
33  mlp_mc_int8              6.785557  ...      4  corei5_7200U
34  mlp_mc_int8              6.824736  ...      5  corei5_7200U
35  mlp_mc_int8   6.788944 ± 0.025019  ...    avg  corei5_7200U

[36 rows x 7 columns]
