2026-09-27 13:21:28.654182: I tensorflow/core/util/port.cc:113] oneDNN custom operations are on. You may see slightly different numerical results due to floating-point round-off errors from different computation orders. To turn them off, set the environment variable `TF_ENABLE_ONEDNN_OPTS=0`.
2026-09-27 13:21:28.658188: I external/local_tsl/tsl/cuda/cudart_stub.cc:32] Could not find cuda drivers on your machine, GPU will not be used.
2026-09-27 13:21:29.179731: I external/local_tsl/tsl/cuda/cudart_stub.cc:32] Could not find cuda drivers on your machine, GPU will not be used.
2026-09-27 13:21:29.264387: E external/local_xla/xla/stream_executor/cuda/cuda_fft.cc:479] Unable to register cuFFT factory: Attempting to register factory for plugin cuFFT when one has already been registered
2026-09-27 13:21:29.332111: E external/local_xla/xla/stream_executor/cuda/cuda_dnn.cc:10575] Unable to register cuDNN factory: Attempting to register factory for plugin cuDNN when one has already been registered
2026-09-27 13:21:29.332133: E external/local_xla/xla/stream_executor/cuda/cuda_blas.cc:1442] Unable to register cuBLAS factory: Attempting to register factory for plugin cuBLAS when one has already been registered
2026-09-27 13:21:29.455406: I tensorflow/core/platform/cpu_feature_guard.cc:210] This TensorFlow binary is optimized to use available CPU instructions in performance-critical operations.
To enable the following instructions: AVX2 AVX512F AVX512_VNNI AVX512_BF16 FMA, in other operations, rebuild TensorFlow with the appropriate compiler flags.
2026-09-27 13:21:30.375892: W tensorflow/compiler/tf2tensorrt/utils/py_utils.cc:38] TF-TRT Warning: Could not find TensorRT
INFO: Created TensorFlow Lite XNNPACK delegate for CPU.
Summary saved to benchmark/007/ryzen7_7700/binary/summary/summary_models.csv
      model  accuracy    f1_pos  ...  model_size_mb  preproc_size_mb  total_size_mb
0        rf  0.998839  0.999239  ...         23.957            0.009         23.966
1      lgbm  0.999266  0.999519  ...          2.749            0.009          2.758
2       xgb  0.998886  0.999270  ...          0.942            0.009          0.951
3    logreg  0.957331  0.972033  ...          0.004            0.009          0.013
4       mlp  0.994930  0.996682  ...          0.327            0.009          0.335
5  mlp_int8  0.987159  0.991555  ...          0.028            0.009          0.037

[6 rows x 11 columns]
[benchmark_inference] dropped potential leakage columns: ['type', 'label']
Run 1 saved to benchmark/007/ryzen7_7700/binary/inference_benchmark_1.csv
Run 2 saved to benchmark/007/ryzen7_7700/binary/inference_benchmark_2.csv
Run 3 saved to benchmark/007/ryzen7_7700/binary/inference_benchmark_3.csv
Run 4 saved to benchmark/007/ryzen7_7700/binary/inference_benchmark_4.csv
Run 5 saved to benchmark/007/ryzen7_7700/binary/inference_benchmark_5.csv
All benchmark data saved to benchmark/007/ryzen7_7700/binary/inference_benchmark.csv
       model  transform_ms_per_1k  ... run_id    device_id
0         rf             2.338162  ...      1  ryzen7_7700
1         rf             2.112672  ...      2  ryzen7_7700
2         rf              2.17565  ...      3  ryzen7_7700
3         rf             2.460903  ...      4  ryzen7_7700
4         rf             2.508843  ...      5  ryzen7_7700
5         rf  2.319246 ± 0.154702  ...    avg  ryzen7_7700
6       lgbm             2.261668  ...      1  ryzen7_7700
7       lgbm             2.313928  ...      2  ryzen7_7700
8       lgbm             2.252416  ...      3  ryzen7_7700
9       lgbm             2.265731  ...      4  ryzen7_7700
10      lgbm             2.258089  ...      5  ryzen7_7700
11      lgbm  2.270366 ± 0.022216  ...    avg  ryzen7_7700
12       xgb             2.200802  ...      1  ryzen7_7700
13       xgb             2.216619  ...      2  ryzen7_7700
14       xgb             2.236279  ...      3  ryzen7_7700
15       xgb              2.22815  ...      4  ryzen7_7700
16       xgb             2.247964  ...      5  ryzen7_7700
17       xgb  2.225963 ± 0.016221  ...    avg  ryzen7_7700
18    logreg             3.416037  ...      1  ryzen7_7700
19    logreg             3.550431  ...      2  ryzen7_7700
20    logreg             3.546374  ...      3  ryzen7_7700
21    logreg             3.509104  ...      4  ryzen7_7700
22    logreg             3.494839  ...      5  ryzen7_7700
23    logreg  3.503357 ± 0.048573  ...    avg  ryzen7_7700
24       mlp             3.008956  ...      1  ryzen7_7700
25       mlp             2.585124  ...      2  ryzen7_7700
26       mlp             2.378811  ...      3  ryzen7_7700
27       mlp             2.613727  ...      4  ryzen7_7700
28       mlp             2.371936  ...      5  ryzen7_7700
29       mlp  2.591711 ± 0.231624  ...    avg  ryzen7_7700
30  mlp_int8              2.59269  ...      1  ryzen7_7700
31  mlp_int8             2.643094  ...      2  ryzen7_7700
32  mlp_int8             2.537322  ...      3  ryzen7_7700
33  mlp_int8             2.553197  ...      4  ryzen7_7700
34  mlp_int8             2.522239  ...      5  ryzen7_7700
35  mlp_int8  2.569708 ± 0.043563  ...    avg  ryzen7_7700

[36 rows x 7 columns]
