INFO: Created TensorFlow Lite XNNPACK delegate for CPU.
Summary saved to benchmark/007/apple_m5/multiclass/summary/summary_models_mc.csv
         model  accuracy  ...  preproc_size_mb  total_size_mb
0        rf_mc  0.988699  ...            0.008        274.108
1      lgbm_mc  0.989457  ...            0.008         31.172
2       xgb_mc  0.989315  ...            0.008         13.643
3    logreg_mc  0.825843  ...            0.009          0.022
4       mlp_mc  0.952072  ...            0.008          0.340
5  mlp_mc_int8  0.667820  ...            0.008          0.037

[6 rows x 11 columns]
Per-class report merged saved to benchmark/007/apple_m5/multiclass/summary/per_class_report_merged.csv
[benchmark_inference] dropped potential leakage columns: ['type', 'label']
Run 1 saved to benchmark/007/apple_m5/multiclass/inference_benchmark_mc_1.csv
Run 2 saved to benchmark/007/apple_m5/multiclass/inference_benchmark_mc_2.csv
Run 3 saved to benchmark/007/apple_m5/multiclass/inference_benchmark_mc_3.csv
Run 4 saved to benchmark/007/apple_m5/multiclass/inference_benchmark_mc_4.csv
Run 5 saved to benchmark/007/apple_m5/multiclass/inference_benchmark_mc_5.csv
All benchmark data saved to benchmark/007/apple_m5/multiclass/inference_benchmark_mc.csv
          model  transform_ms_per_1k  ... run_id device_id
0         rf_mc             1.839304  ...      1  apple_m5
1         rf_mc             1.533742  ...      2  apple_m5
2         rf_mc             1.495763  ...      3  apple_m5
3         rf_mc             1.492596  ...      4  apple_m5
4         rf_mc             1.491717  ...      5  apple_m5
5         rf_mc  1.570624 ± 0.135254  ...    avg  apple_m5
6       lgbm_mc             1.552837  ...      1  apple_m5
7       lgbm_mc               1.5156  ...      2  apple_m5
8       lgbm_mc             1.499813  ...      3  apple_m5
9       lgbm_mc               1.5625  ...      4  apple_m5
10      lgbm_mc             1.519192  ...      5  apple_m5
11      lgbm_mc  1.529988 ± 0.023720  ...    avg  apple_m5
12       xgb_mc               1.6733  ...      1  apple_m5
13       xgb_mc               1.7069  ...      2  apple_m5
14       xgb_mc             1.733762  ...      3  apple_m5
15       xgb_mc             1.840483  ...      4  apple_m5
16       xgb_mc             1.731225  ...      5  apple_m5
17       xgb_mc  1.737134 ± 0.056065  ...    avg  apple_m5
18    logreg_mc             1.677187  ...      1  apple_m5
19    logreg_mc             1.616775  ...      2  apple_m5
20    logreg_mc             1.619929  ...      3  apple_m5
21    logreg_mc             1.613008  ...      4  apple_m5
22    logreg_mc             1.618738  ...      5  apple_m5
23    logreg_mc  1.629127 ± 0.024144  ...    avg  apple_m5
24       mlp_mc             1.741346  ...      1  apple_m5
25       mlp_mc             1.620479  ...      2  apple_m5
26       mlp_mc             1.595817  ...      3  apple_m5
27       mlp_mc             1.682492  ...      4  apple_m5
28       mlp_mc             1.698346  ...      5  apple_m5
29       mlp_mc  1.667696 ± 0.052875  ...    avg  apple_m5
30  mlp_mc_int8             1.685967  ...      1  apple_m5
31  mlp_mc_int8             1.674596  ...      2  apple_m5
32  mlp_mc_int8             1.700496  ...      3  apple_m5
33  mlp_mc_int8             1.734379  ...      4  apple_m5
34  mlp_mc_int8             1.639229  ...      5  apple_m5
35  mlp_mc_int8  1.686933 ± 0.031189  ...    avg  apple_m5

[36 rows x 7 columns]
